<?xml version="1.0" encoding="UTF-8"?>
<testsuites name="jest tests" tests="3" failures="0" time="5.017">
  <testsuite name="CustomXmlFiles" errors="0" failures="0" skipped="0" timestamp="2020-02-18T13:07:19" time="3.94" tests="2">
    <testcase classname="CustomXmlFiles loads custom xml files" name="CustomXmlFiles loads custom xml files" time="0.032">
    </testcase>
    <testcase classname="CustomXmlFiles saves custom xml files" name="CustomXmlFiles saves custom xml files" time="0.032">
    </testcase>
  </testsuite>
  <testsuite name="getPath" errors="0" failures="0" skipped="0" timestamp="2020-02-18T13:07:23" time="0.462" tests="1">
    <testcase classname="getPath gets paths" name="getPath gets paths" time="0.004">
    </testcase>
  </testsuite>
</testsuites>